00:00 +0: loading C:/Users/macca/Desktop/tools/Breathe/test/core/database/database_helper_test.dart
00:00 +0: C:/Users/macca/Desktop/tools/Breathe/test/core/database/database_helper_test.dart: DatabaseHelper creates all required tables
00:00 +1: C:/Users/macca/Desktop/tools/Breathe/test/features/breathing/data/breathing_repository_test.dart: insertSession persists all values
00:00 +2: C:/Users/macca/Desktop/tools/Breathe/test/features/breathing/data/breathing_repository_test.dart: getAllSessions returns descending date order
*** sqflite warning ***

You are changing sqflite default factory.
Be aware of the potential side effects. Any library using sqflite
will have this factory as the default for all operations.

*** sqflite warning ***

00:00 +3: C:/Users/macca/Desktop/tools/Breathe/test/features/breathing/providers/breathing_providers_test.dart: (setUpAll)
00:00 +3: C:/Users/macca/Desktop/tools/Breathe/test/features/breathing/providers/breathing_providers_test.dart: initial phase is inhale
00:00 +4: C:/Users/macca/Desktop/tools/Breathe/test/features/breathing/providers/breathing_providers_test.dart: phase advances and saves at completion
00:00 +5: C:/Users/macca/Desktop/tools/Breathe/test/features/breathing/providers/breathing_providers_test.dart: (tearDownAll)
00:00 +5: C:/Users/macca/Desktop/tools/Breathe/test/features/breathing/ui/breathing_screen_test.dart: shows config screen
00:01 +6: C:/Users/macca/Desktop/tools/Breathe/test/features/breathing/ui/breathing_screen_test.dart: shows config screen
00:01 +6: C:/Users/macca/Desktop/tools/Breathe/test/features/meals/data/meal_repository_test.dart: date range returns inclusive results
*** sqflite warning ***

You are changing sqflite default factory.
Be aware of the potential side effects. Any library using sqflite
will have this factory as the default for all operations.

*** sqflite warning ***

00:01 +7: C:/Users/macca/Desktop/tools/Breathe/test/features/breathing/ui/breathing_screen_test.dart: shows config screen
00:01 +7: C:/Users/macca/Desktop/tools/Breathe/test/features/meals/data/meal_repository_test.dart: delete removes one meal
*** sqflite warning ***

You are changing sqflite default factory.
Be aware of the potential side effects. Any library using sqflite
will have this factory as the default for all operations.

*** sqflite warning ***

00:01 +7: C:/Users/macca/Desktop/tools/Breathe/test/features/breathing/ui/breathing_screen_test.dart: shows config screen
00:01 +8: C:/Users/macca/Desktop/tools/Breathe/test/features/breathing/ui/breathing_screen_test.dart: shows config screen
00:01 +9: C:/Users/macca/Desktop/tools/Breathe/test/features/breathing/ui/breathing_screen_test.dart: shows config screen
00:01 +10: C:/Users/macca/Desktop/tools/Breathe/test/features/breathing/ui/breathing_screen_test.dart: shows config screen
00:01 +11: C:/Users/macca/Desktop/tools/Breathe/test/features/home/ui/home_screen_test.dart: shows all four dashboard cards
00:01 +12: C:/Users/macca/Desktop/tools/Breathe/test/features/home/ui/home_screen_test.dart: shows all four dashboard cards
00:01 +12: C:/Users/macca/Desktop/tools/Breathe/test/features/physio/data/exercise_log_repository_test.dart: isLoggedToday returns false when date differs
*** sqflite warning ***

You are changing sqflite default factory.
Be aware of the potential side effects. Any library using sqflite
will have this factory as the default for all operations.

*** sqflite warning ***

00:01 +13: C:/Users/macca/Desktop/tools/Breathe/test/features/home/ui/home_screen_test.dart: shows all four dashboard cards
00:01 +13: C:/Users/macca/Desktop/tools/Breathe/test/features/physio/data/exercise_log_repository_test.dart: plan add/load/remove works
*** sqflite warning ***

You are changing sqflite default factory.
Be aware of the potential side effects. Any library using sqflite
will have this factory as the default for all operations.

*** sqflite warning ***

00:01 +14: C:/Users/macca/Desktop/tools/Breathe/test/features/home/ui/home_screen_test.dart: shows all four dashboard cards
00:01 +15: C:/Users/macca/Desktop/tools/Breathe/test/features/home/ui/home_screen_test.dart: shows all four dashboard cards
00:01 +16: C:/Users/macca/Desktop/tools/Breathe/test/features/home/ui/home_screen_test.dart: shows all four dashboard cards
00:01 +16: C:/Users/macca/Desktop/tools/Breathe/test/features/physio/data/exercise_log_repository_test.dart: plan reps increment and history are tracked
*** sqflite warning ***

You are changing sqflite default factory.
Be aware of the potential side effects. Any library using sqflite
will have this factory as the default for all operations.

*** sqflite warning ***

00:02 +17: C:/Users/macca/Desktop/tools/Breathe/test/features/home/ui/home_screen_test.dart: shows all four dashboard cards
ÔòÉÔòÉÔòí EXCEPTION CAUGHT BY FLUTTER TEST FRAMEWORK Ôò×ÔòÉÔòÉÔòÉÔòÉÔòÉÔòÉÔòÉÔòÉÔòÉÔòÉÔòÉÔòÉÔòÉÔòÉÔòÉÔòÉÔòÉÔòÉÔòÉÔòÉÔòÉÔòÉÔòÉÔòÉÔòÉÔòÉÔòÉÔòÉÔòÉÔòÉÔòÉÔòÉÔòÉÔòÉÔòÉÔòÉÔòÉÔòÉÔòÉÔòÉÔòÉÔòÉÔòÉÔòÉÔòÉÔòÉÔòÉÔòÉÔòÉÔòÉÔòÉÔòÉ
The following TestFailure was thrown running a test:
Expected: exactly one matching candidate
  Actual: _TextWidgetFinder:<Found 0 widgets with text "Breathing": []>
   Which: means none were found but one was expected

When the exception was thrown, this was the stack:
#4      main.<anonymous closure> (file:///C:/Users/macca/Desktop/tools/Breathe/test/features/home/ui/home_screen_test.dart:48:5)
<asynchronous suspension>
#5      testWidgets.<anonymous closure>.<anonymous closure> (package:flutter_test/src/widget_tester.dart:168:15)
<asynchronous suspension>
#6      TestWidgetsFlutterBinding._runTestBody (package:flutter_test/src/binding.dart:1013:5)
<asynchronous suspension>
<asynchronous suspension>
(elided one frame from package:stack_trace)

This was caught by the test expectation on the following line:
  file:///C:/Users/macca/Desktop/tools/Breathe/test/features/home/ui/home_screen_test.dart line 48
The test description was:
  shows all four dashboard cards
ÔòÉÔòÉÔòÉÔòÉÔòÉÔòÉÔòÉÔòÉÔòÉÔòÉÔòÉÔòÉÔòÉÔòÉÔòÉÔòÉÔòÉÔòÉÔòÉÔòÉÔòÉÔòÉÔòÉÔòÉÔòÉÔòÉÔòÉÔòÉÔòÉÔòÉÔòÉÔòÉÔòÉÔòÉÔòÉÔòÉÔòÉÔòÉÔòÉÔòÉÔòÉÔòÉÔòÉÔòÉÔòÉÔòÉÔòÉÔòÉÔòÉÔòÉÔòÉÔòÉÔòÉÔòÉÔòÉÔòÉÔòÉÔòÉÔòÉÔòÉÔòÉÔòÉÔòÉÔòÉÔòÉÔòÉÔòÉÔòÉÔòÉÔòÉÔòÉÔòÉÔòÉÔòÉÔòÉÔòÉÔòÉÔòÉÔòÉÔòÉÔòÉÔòÉÔòÉÔòÉÔòÉÔòÉÔòÉÔòÉÔòÉÔòÉÔòÉÔòÉÔòÉÔòÉÔòÉÔòÉÔòÉÔòÉÔòÉÔòÉ
00:02 +17 -1: C:/Users/macca/Desktop/tools/Breathe/test/features/meals/ui/meals_screen_test.dart: shows flat list and fab
00:02 +17 -1: C:/Users/macca/Desktop/tools/Breathe/test/features/home/ui/home_screen_test.dart: shows all four dashboard cards [E]
  Test failed. See exception logs above.
  The test description was: shows all four dashboard cards
  
00:02 +18 -1: C:/Users/macca/Desktop/tools/Breathe/test/features/meals/ui/meals_screen_test.dart: shows flat list and fab
00:02 +19 -1: C:/Users/macca/Desktop/tools/Breathe/test/features/meals/ui/meals_screen_test.dart: shows flat list and fab
00:02 +20 -1: C:/Users/macca/Desktop/tools/Breathe/test/features/meals/ui/meals_screen_test.dart: shows flat list and fab
00:02 +21 -1: C:/Users/macca/Desktop/tools/Breathe/test/features/physio/ui/physio_screen_test.dart: renders filter chips and exercise card
00:02 +22 -1: C:/Users/macca/Desktop/tools/Breathe/test/features/physio/ui/physio_screen_test.dart: renders filter chips and exercise card
00:02 +22 -1: C:/Users/macca/Desktop/tools/Breathe/test/features/weight/data/weight_repository_test.dart: latest and delta are computed
*** sqflite warning ***

You are changing sqflite default factory.
Be aware of the potential side effects. Any library using sqflite
will have this factory as the default for all operations.

*** sqflite warning ***

00:02 +23 -1: C:/Users/macca/Desktop/tools/Breathe/test/features/physio/ui/physio_screen_test.dart: renders filter chips and exercise card
00:02 +23 -1: C:/Users/macca/Desktop/tools/Breathe/test/features/weight/data/weight_repository_test.dart: deleteWeightEntry removes only target row
*** sqflite warning ***

You are changing sqflite default factory.
Be aware of the potential side effects. Any library using sqflite
will have this factory as the default for all operations.

*** sqflite warning ***

00:02 +23 -1: C:/Users/macca/Desktop/tools/Breathe/test/features/physio/ui/physio_screen_test.dart: renders filter chips and exercise card
00:02 +24 -1: C:/Users/macca/Desktop/tools/Breathe/test/features/physio/ui/physio_screen_test.dart: renders filter chips and exercise card
00:02 +25 -1: C:/Users/macca/Desktop/tools/Breathe/test/features/physio/ui/physio_screen_test.dart: renders filter chips and exercise card
00:02 +26 -1: C:/Users/macca/Desktop/tools/Breathe/test/features/physio/ui/physio_screen_test.dart: renders filter chips and exercise card
00:03 +27 -1: C:/Users/macca/Desktop/tools/Breathe/test/features/physio/ui/plan_screen_test.dart: renders dedicated plan screen
00:03 +28 -1: C:/Users/macca/Desktop/tools/Breathe/test/features/weight/ui/weight_screen_test.dart: renders chart and entry list
00:03 +29 -1: C:/Users/macca/Desktop/tools/Breathe/test/widget_test.dart: RecoveryApp renders home scaffold
ÔòÉÔòÉÔòí EXCEPTION CAUGHT BY FLUTTER TEST FRAMEWORK Ôò×ÔòÉÔòÉÔòÉÔòÉÔòÉÔòÉÔòÉÔòÉÔòÉÔòÉÔòÉÔòÉÔòÉÔòÉÔòÉÔòÉÔòÉÔòÉÔòÉÔòÉÔòÉÔòÉÔòÉÔòÉÔòÉÔòÉÔòÉÔòÉÔòÉÔòÉÔòÉÔòÉÔòÉÔòÉÔòÉÔòÉÔòÉÔòÉÔòÉÔòÉÔòÉÔòÉÔòÉÔòÉÔòÉÔòÉÔòÉÔòÉÔòÉÔòÉÔòÉÔòÉ
The following TestFailure was thrown running a test:
Expected: exactly one matching candidate
  Actual: _TextWidgetFinder:<Found 0 widgets with text "Breathe": []>
   Which: means none were found but one was expected

When the exception was thrown, this was the stack:
#4      main.<anonymous closure> (file:///C:/Users/macca/Desktop/tools/Breathe/test/widget_test.dart:22:5)
<asynchronous suspension>
#5      testWidgets.<anonymous closure>.<anonymous closure> (package:flutter_test/src/widget_tester.dart:168:15)
<asynchronous suspension>
#6      TestWidgetsFlutterBinding._runTestBody (package:flutter_test/src/binding.dart:1013:5)
<asynchronous suspension>
<asynchronous suspension>
(elided one frame from package:stack_trace)

This was caught by the test expectation on the following line:
  file:///C:/Users/macca/Desktop/tools/Breathe/test/widget_test.dart line 22
The test description was:
  RecoveryApp renders home scaffold
ÔòÉÔòÉÔòÉÔòÉÔòÉÔòÉÔòÉÔòÉÔòÉÔòÉÔòÉÔòÉÔòÉÔòÉÔòÉÔòÉÔòÉÔòÉÔòÉÔòÉÔòÉÔòÉÔòÉÔòÉÔòÉÔòÉÔòÉÔòÉÔòÉÔòÉÔòÉÔòÉÔòÉÔòÉÔòÉÔòÉÔòÉÔòÉÔòÉÔòÉÔòÉÔòÉÔòÉÔòÉÔòÉÔòÉÔòÉÔòÉÔòÉÔòÉÔòÉÔòÉÔòÉÔòÉÔòÉÔòÉÔòÉÔòÉÔòÉÔòÉÔòÉÔòÉÔòÉÔòÉÔòÉÔòÉÔòÉÔòÉÔòÉÔòÉÔòÉÔòÉÔòÉÔòÉÔòÉÔòÉÔòÉÔòÉÔòÉÔòÉÔòÉÔòÉÔòÉÔòÉÔòÉÔòÉÔòÉÔòÉÔòÉÔòÉÔòÉÔòÉÔòÉÔòÉÔòÉÔòÉÔòÉÔòÉÔòÉÔòÉ
00:04 +29 -2: C:/Users/macca/Desktop/tools/Breathe/test/widget_test.dart: RecoveryApp renders home scaffold [E]
  Test failed. See exception logs above.
  The test description was: RecoveryApp renders home scaffold
  
00:04 +29 -2: Some tests failed.
